[2020-06-27T18:37:15.111-1000][gc,heap] Heap region size: 1M
[2020-06-27T18:37:15.111-1000][gc,heap,coops] Heap address: 0x00000007c0000000, size: 1024 MB, Compressed Oops mode: Zero based, Oop shift amount: 3
[2020-06-27T18:37:15.121-1000][gc           ] Using G1
[2020-06-27T18:37:15.121-1000][gc,cds       ] Mark closed archive regions in map: [0x00000007fff00000, 0x00000007fff7aff8]
[2020-06-27T18:37:15.121-1000][gc,cds       ] Mark open archive regions in map: [0x00000007ffe00000, 0x00000007ffe50ff8]
[2020-06-27T18:37:15.139-1000][gc           ] Periodic GC disabled
[2020-06-27T18:37:16.234-1000][gc,start     ] GC(0) Pause Young (Normal) (G1 Evacuation Pause)
[2020-06-27T18:37:16.235-1000][gc,task      ] GC(0) Using 8 workers of 8 for evacuation
[2020-06-27T18:37:16.240-1000][gc,phases    ] GC(0)   Pre Evacuate Collection Set: 0.1ms
[2020-06-27T18:37:16.240-1000][gc,phases    ] GC(0)   Merge Heap Roots: 0.1ms
[2020-06-27T18:37:16.240-1000][gc,phases    ] GC(0)   Evacuate Collection Set: 4.7ms
[2020-06-27T18:37:16.240-1000][gc,phases    ] GC(0)   Post Evacuate Collection Set: 0.4ms
[2020-06-27T18:37:16.240-1000][gc,phases    ] GC(0)   Other: 0.6ms
[2020-06-27T18:37:16.240-1000][gc,heap      ] GC(0) Eden regions: 51->0(45)
[2020-06-27T18:37:16.240-1000][gc,heap      ] GC(0) Survivor regions: 0->6(7)
[2020-06-27T18:37:16.240-1000][gc,heap      ] GC(0) Old regions: 0->0
[2020-06-27T18:37:16.240-1000][gc,heap      ] GC(0) Archive regions: 2->2
[2020-06-27T18:37:16.240-1000][gc,heap      ] GC(0) Humongous regions: 1->1
[2020-06-27T18:37:16.240-1000][gc,metaspace ] GC(0) Metaspace: 15998K(16768K)->15998K(16768K) NonClass: 13785K(14336K)->13785K(14336K) Class: 2212K(2432K)->2212K(2432K)
[2020-06-27T18:37:16.241-1000][gc           ] GC(0) Pause Young (Normal) (G1 Evacuation Pause) 52M->7M(1024M) 6.196ms
[2020-06-27T18:37:16.241-1000][gc,cpu       ] GC(0) User=0.02s Sys=0.01s Real=0.01s
[2020-06-27T18:37:16.679-1000][gc,start     ] GC(1) Pause Young (Concurrent Start) (Metadata GC Threshold)
[2020-06-27T18:37:16.679-1000][gc,task      ] GC(1) Using 8 workers of 8 for evacuation
[2020-06-27T18:37:16.685-1000][gc,phases    ] GC(1)   Pre Evacuate Collection Set: 0.1ms
[2020-06-27T18:37:16.685-1000][gc,phases    ] GC(1)   Merge Heap Roots: 0.0ms
[2020-06-27T18:37:16.685-1000][gc,phases    ] GC(1)   Evacuate Collection Set: 5.7ms
[2020-06-27T18:37:16.685-1000][gc,phases    ] GC(1)   Post Evacuate Collection Set: 0.5ms
[2020-06-27T18:37:16.685-1000][gc,phases    ] GC(1)   Other: 0.2ms
[2020-06-27T18:37:16.685-1000][gc,heap      ] GC(1) Eden regions: 27->0(48)
[2020-06-27T18:37:16.685-1000][gc,heap      ] GC(1) Survivor regions: 6->3(7)
[2020-06-27T18:37:16.685-1000][gc,heap      ] GC(1) Old regions: 0->6
[2020-06-27T18:37:16.685-1000][gc,heap      ] GC(1) Archive regions: 2->2
[2020-06-27T18:37:16.685-1000][gc,heap      ] GC(1) Humongous regions: 130->130
[2020-06-27T18:37:16.685-1000][gc,metaspace ] GC(1) Metaspace: 20582K(21296K)->20582K(21296K) NonClass: 17820K(18352K)->17820K(18352K) Class: 2761K(2944K)->2761K(2944K)
[2020-06-27T18:37:16.685-1000][gc           ] GC(1) Pause Young (Concurrent Start) (Metadata GC Threshold) 162M->139M(1024M) 6.662ms
[2020-06-27T18:37:16.685-1000][gc,cpu       ] GC(1) User=0.04s Sys=0.01s Real=0.01s
[2020-06-27T18:37:16.685-1000][gc           ] GC(2) Concurrent Cycle
[2020-06-27T18:37:16.685-1000][gc,marking   ] GC(2) Concurrent Clear Claimed Marks
[2020-06-27T18:37:16.685-1000][gc,marking   ] GC(2) Concurrent Clear Claimed Marks 0.028ms
[2020-06-27T18:37:16.685-1000][gc,marking   ] GC(2) Concurrent Scan Root Regions
[2020-06-27T18:37:16.688-1000][gc,marking   ] GC(2) Concurrent Scan Root Regions 2.762ms
[2020-06-27T18:37:16.688-1000][gc,marking   ] GC(2) Concurrent Mark (1.586s)
[2020-06-27T18:37:16.688-1000][gc,marking   ] GC(2) Concurrent Mark From Roots
[2020-06-27T18:37:16.688-1000][gc,task      ] GC(2) Using 2 workers of 2 for marking
[2020-06-27T18:37:16.690-1000][gc,marking   ] GC(2) Concurrent Mark From Roots 1.574ms
[2020-06-27T18:37:16.690-1000][gc,marking   ] GC(2) Concurrent Preclean
[2020-06-27T18:37:16.690-1000][gc,marking   ] GC(2) Concurrent Preclean 0.032ms
[2020-06-27T18:37:16.690-1000][gc,marking   ] GC(2) Concurrent Mark (1.586s, 1.587s) 1.678ms
[2020-06-27T18:37:16.690-1000][gc,start     ] GC(2) Pause Remark
[2020-06-27T18:37:16.691-1000][gc           ] GC(2) Pause Remark 139M->139M(1024M) 1.056ms
[2020-06-27T18:37:16.691-1000][gc,cpu       ] GC(2) User=0.01s Sys=0.00s Real=0.00s
[2020-06-27T18:37:16.691-1000][gc,marking   ] GC(2) Concurrent Rebuild Remembered Sets
[2020-06-27T18:37:16.694-1000][gc,marking   ] GC(2) Concurrent Rebuild Remembered Sets 2.708ms
[2020-06-27T18:37:16.694-1000][gc,start     ] GC(2) Pause Cleanup
[2020-06-27T18:37:16.694-1000][gc           ] GC(2) Pause Cleanup 139M->139M(1024M) 0.159ms
[2020-06-27T18:37:16.694-1000][gc,cpu       ] GC(2) User=0.00s Sys=0.00s Real=0.00s
[2020-06-27T18:37:16.694-1000][gc,marking   ] GC(2) Concurrent Cleanup for Next Mark
[2020-06-27T18:37:16.701-1000][gc,marking   ] GC(2) Concurrent Cleanup for Next Mark 6.744ms
[2020-06-27T18:37:16.701-1000][gc           ] GC(2) Concurrent Cycle 15.920ms
[2020-06-27T18:39:18.606-1000][gc,heap,exit ] Heap
[2020-06-27T18:39:18.606-1000][gc,heap,exit ]  garbage-first heap   total 1048576K, used 169187K [0x00000007c0000000, 0x0000000800000000)
[2020-06-27T18:39:18.606-1000][gc,heap,exit ]   region size 1024K, 30 young (30720K), 3 survivors (3072K)
[2020-06-27T18:39:18.606-1000][gc,heap,exit ]  Metaspace       used 23918K, capacity 24283K, committed 24880K, reserved 1071104K
[2020-06-27T18:39:18.606-1000][gc,heap,exit ]   class space    used 3285K, capacity 3406K, committed 3456K, reserved 1048576K
