[2020-06-27T18:34:35.483-1000][gc,heap] Heap region size: 1M
[2020-06-27T18:34:35.483-1000][gc,heap,coops] Heap address: 0x00000007c0000000, size: 1024 MB, Compressed Oops mode: Zero based, Oop shift amount: 3
[2020-06-27T18:34:35.492-1000][gc           ] Using G1
[2020-06-27T18:34:35.493-1000][gc,cds       ] Mark closed archive regions in map: [0x00000007fff00000, 0x00000007fff7aff8]
[2020-06-27T18:34:35.493-1000][gc,cds       ] Mark open archive regions in map: [0x00000007ffe00000, 0x00000007ffe50ff8]
[2020-06-27T18:34:35.511-1000][gc           ] Periodic GC disabled
[2020-06-27T18:34:37.002-1000][gc,start     ] GC(0) Pause Young (Normal) (G1 Evacuation Pause)
[2020-06-27T18:34:37.002-1000][gc,task      ] GC(0) Using 8 workers of 8 for evacuation
[2020-06-27T18:34:37.011-1000][gc,phases    ] GC(0)   Pre Evacuate Collection Set: 0.1ms
[2020-06-27T18:34:37.011-1000][gc,phases    ] GC(0)   Merge Heap Roots: 0.0ms
[2020-06-27T18:34:37.011-1000][gc,phases    ] GC(0)   Evacuate Collection Set: 4.6ms
[2020-06-27T18:34:37.011-1000][gc,phases    ] GC(0)   Post Evacuate Collection Set: 3.3ms
[2020-06-27T18:34:37.011-1000][gc,phases    ] GC(0)   Other: 0.6ms
[2020-06-27T18:34:37.011-1000][gc,heap      ] GC(0) Eden regions: 51->0(45)
[2020-06-27T18:34:37.011-1000][gc,heap      ] GC(0) Survivor regions: 0->6(7)
[2020-06-27T18:34:37.011-1000][gc,heap      ] GC(0) Old regions: 0->0
[2020-06-27T18:34:37.011-1000][gc,heap      ] GC(0) Archive regions: 2->2
[2020-06-27T18:34:37.011-1000][gc,heap      ] GC(0) Humongous regions: 1->1
[2020-06-27T18:34:37.011-1000][gc,metaspace ] GC(0) Metaspace: 16004K(16768K)->16004K(16768K) NonClass: 13774K(14336K)->13774K(14336K) Class: 2230K(2432K)->2230K(2432K)
[2020-06-27T18:34:37.011-1000][gc           ] GC(0) Pause Young (Normal) (G1 Evacuation Pause) 52M->7M(1024M) 8.944ms
[2020-06-27T18:34:37.011-1000][gc,cpu       ] GC(0) User=0.03s Sys=0.00s Real=0.01s
[2020-06-27T18:34:40.123-1000][gc,heap,exit ] Heap
[2020-06-27T18:34:40.124-1000][gc,heap,exit ]  garbage-first heap   total 1048576K, used 164460K [0x00000007c0000000, 0x0000000800000000)
[2020-06-27T18:34:40.124-1000][gc,heap,exit ]   region size 1024K, 31 young (31744K), 6 survivors (6144K)
[2020-06-27T18:34:40.124-1000][gc,heap,exit ]  Metaspace       used 19404K, capacity 19670K, committed 20224K, reserved 1067008K
[2020-06-27T18:34:40.124-1000][gc,heap,exit ]   class space    used 2673K, capacity 2765K, committed 2816K, reserved 1048576K
