[2020-06-27T18:39:47.648-1000][gc,heap] Heap region size: 1M
[2020-06-27T18:39:47.648-1000][gc,heap,coops] Heap address: 0x00000007c0000000, size: 1024 MB, Compressed Oops mode: Zero based, Oop shift amount: 3
[2020-06-27T18:39:47.657-1000][gc           ] Using G1
[2020-06-27T18:39:47.658-1000][gc,cds       ] Mark closed archive regions in map: [0x00000007fff00000, 0x00000007fff7aff8]
[2020-06-27T18:39:47.658-1000][gc,cds       ] Mark open archive regions in map: [0x00000007ffe00000, 0x00000007ffe50ff8]
[2020-06-27T18:39:47.675-1000][gc           ] Periodic GC disabled
[2020-06-27T18:39:48.832-1000][gc,start     ] GC(0) Pause Young (Normal) (G1 Evacuation Pause)
[2020-06-27T18:39:48.833-1000][gc,task      ] GC(0) Using 8 workers of 8 for evacuation
[2020-06-27T18:39:48.839-1000][gc,phases    ] GC(0)   Pre Evacuate Collection Set: 0.1ms
[2020-06-27T18:39:48.839-1000][gc,phases    ] GC(0)   Merge Heap Roots: 0.1ms
[2020-06-27T18:39:48.839-1000][gc,phases    ] GC(0)   Evacuate Collection Set: 4.9ms
[2020-06-27T18:39:48.839-1000][gc,phases    ] GC(0)   Post Evacuate Collection Set: 0.6ms
[2020-06-27T18:39:48.839-1000][gc,phases    ] GC(0)   Other: 0.7ms
[2020-06-27T18:39:48.839-1000][gc,heap      ] GC(0) Eden regions: 51->0(45)
[2020-06-27T18:39:48.839-1000][gc,heap      ] GC(0) Survivor regions: 0->6(7)
[2020-06-27T18:39:48.839-1000][gc,heap      ] GC(0) Old regions: 0->0
[2020-06-27T18:39:48.839-1000][gc,heap      ] GC(0) Archive regions: 2->2
[2020-06-27T18:39:48.839-1000][gc,heap      ] GC(0) Humongous regions: 1->1
[2020-06-27T18:39:48.839-1000][gc,metaspace ] GC(0) Metaspace: 15948K(16512K)->15948K(16512K) NonClass: 13735K(14080K)->13735K(14080K) Class: 2213K(2432K)->2213K(2432K)
[2020-06-27T18:39:48.839-1000][gc           ] GC(0) Pause Young (Normal) (G1 Evacuation Pause) 52M->7M(1024M) 6.509ms
[2020-06-27T18:39:48.839-1000][gc,cpu       ] GC(0) User=0.02s Sys=0.01s Real=0.00s
[2020-06-27T18:39:49.364-1000][gc,start     ] GC(1) Pause Young (Concurrent Start) (Metadata GC Threshold)
[2020-06-27T18:39:49.364-1000][gc,task      ] GC(1) Using 8 workers of 8 for evacuation
[2020-06-27T18:39:49.371-1000][gc,phases    ] GC(1)   Pre Evacuate Collection Set: 0.1ms
[2020-06-27T18:39:49.371-1000][gc,phases    ] GC(1)   Merge Heap Roots: 0.0ms
[2020-06-27T18:39:49.371-1000][gc,phases    ] GC(1)   Evacuate Collection Set: 6.8ms
[2020-06-27T18:39:49.371-1000][gc,phases    ] GC(1)   Post Evacuate Collection Set: 0.4ms
[2020-06-27T18:39:49.371-1000][gc,phases    ] GC(1)   Other: 0.2ms
[2020-06-27T18:39:49.371-1000][gc,heap      ] GC(1) Eden regions: 30->0(48)
[2020-06-27T18:39:49.371-1000][gc,heap      ] GC(1) Survivor regions: 6->3(7)
[2020-06-27T18:39:49.372-1000][gc,heap      ] GC(1) Old regions: 0->6
[2020-06-27T18:39:49.372-1000][gc,heap      ] GC(1) Archive regions: 2->2
[2020-06-27T18:39:49.372-1000][gc,heap      ] GC(1) Humongous regions: 130->130
[2020-06-27T18:39:49.372-1000][gc,metaspace ] GC(1) Metaspace: 20828K(21296K)->20828K(21296K) NonClass: 18030K(18352K)->18030K(18352K) Class: 2797K(2944K)->2797K(2944K)
[2020-06-27T18:39:49.372-1000][gc           ] GC(1) Pause Young (Concurrent Start) (Metadata GC Threshold) 166M->138M(1024M) 7.720ms
[2020-06-27T18:39:49.372-1000][gc,cpu       ] GC(1) User=0.03s Sys=0.00s Real=0.01s
[2020-06-27T18:39:49.372-1000][gc           ] GC(2) Concurrent Cycle
[2020-06-27T18:39:49.372-1000][gc,marking   ] GC(2) Concurrent Clear Claimed Marks
[2020-06-27T18:39:49.372-1000][gc,marking   ] GC(2) Concurrent Clear Claimed Marks 0.027ms
[2020-06-27T18:39:49.372-1000][gc,marking   ] GC(2) Concurrent Scan Root Regions
[2020-06-27T18:39:49.376-1000][gc,marking   ] GC(2) Concurrent Scan Root Regions 4.325ms
[2020-06-27T18:39:49.376-1000][gc,marking   ] GC(2) Concurrent Mark (1.738s)
[2020-06-27T18:39:49.376-1000][gc,marking   ] GC(2) Concurrent Mark From Roots
[2020-06-27T18:39:49.376-1000][gc,task      ] GC(2) Using 2 workers of 2 for marking
[2020-06-27T18:39:49.378-1000][gc,marking   ] GC(2) Concurrent Mark From Roots 1.971ms
[2020-06-27T18:39:49.378-1000][gc,marking   ] GC(2) Concurrent Preclean
[2020-06-27T18:39:49.378-1000][gc,marking   ] GC(2) Concurrent Preclean 0.049ms
[2020-06-27T18:39:49.378-1000][gc,marking   ] GC(2) Concurrent Mark (1.738s, 1.740s) 2.148ms
[2020-06-27T18:39:49.378-1000][gc,start     ] GC(2) Pause Remark
[2020-06-27T18:39:49.380-1000][gc           ] GC(2) Pause Remark 139M->139M(1024M) 1.487ms
[2020-06-27T18:39:49.380-1000][gc,cpu       ] GC(2) User=0.01s Sys=0.01s Real=0.01s
[2020-06-27T18:39:49.380-1000][gc,marking   ] GC(2) Concurrent Rebuild Remembered Sets
[2020-06-27T18:39:49.382-1000][gc,marking   ] GC(2) Concurrent Rebuild Remembered Sets 2.354ms
[2020-06-27T18:39:49.383-1000][gc,start     ] GC(2) Pause Cleanup
[2020-06-27T18:39:49.383-1000][gc           ] GC(2) Pause Cleanup 139M->139M(1024M) 0.148ms
[2020-06-27T18:39:49.383-1000][gc,cpu       ] GC(2) User=0.00s Sys=0.00s Real=0.00s
[2020-06-27T18:39:49.383-1000][gc,marking   ] GC(2) Concurrent Cleanup for Next Mark
[2020-06-27T18:39:49.389-1000][gc,marking   ] GC(2) Concurrent Cleanup for Next Mark 6.546ms
[2020-06-27T18:39:49.389-1000][gc           ] GC(2) Concurrent Cycle 17.723ms
[2020-06-27T18:44:13.608-1000][gc,start     ] GC(3) Pause Young (Normal) (G1 Evacuation Pause)
[2020-06-27T18:44:13.609-1000][gc,task      ] GC(3) Using 8 workers of 8 for evacuation
[2020-06-27T18:44:13.613-1000][gc,phases    ] GC(3)   Pre Evacuate Collection Set: 0.1ms
[2020-06-27T18:44:13.613-1000][gc,phases    ] GC(3)   Merge Heap Roots: 0.1ms
[2020-06-27T18:44:13.613-1000][gc,phases    ] GC(3)   Evacuate Collection Set: 3.6ms
[2020-06-27T18:44:13.613-1000][gc,phases    ] GC(3)   Post Evacuate Collection Set: 0.6ms
[2020-06-27T18:44:13.613-1000][gc,phases    ] GC(3)   Other: 0.3ms
[2020-06-27T18:44:13.613-1000][gc,heap      ] GC(3) Eden regions: 48->0(46)
[2020-06-27T18:44:13.613-1000][gc,heap      ] GC(3) Survivor regions: 3->5(7)
[2020-06-27T18:44:13.613-1000][gc,heap      ] GC(3) Old regions: 6->6
[2020-06-27T18:44:13.613-1000][gc,heap      ] GC(3) Archive regions: 2->2
[2020-06-27T18:44:13.613-1000][gc,heap      ] GC(3) Humongous regions: 130->130
[2020-06-27T18:44:13.613-1000][gc,metaspace ] GC(3) Metaspace: 26406K(27312K)->26406K(27312K) NonClass: 22760K(23472K)->22760K(23472K) Class: 3645K(3840K)->3645K(3840K)
[2020-06-27T18:44:13.613-1000][gc           ] GC(3) Pause Young (Normal) (G1 Evacuation Pause) 186M->140M(1024M) 4.849ms
[2020-06-27T18:44:13.613-1000][gc,cpu       ] GC(3) User=0.03s Sys=0.01s Real=0.01s
[2020-06-27T18:48:20.146-1000][gc,heap,exit ] Heap
[2020-06-27T18:48:20.146-1000][gc,heap,exit ]  garbage-first heap   total 1048576K, used 168566K [0x00000007c0000000, 0x0000000800000000)
[2020-06-27T18:48:20.146-1000][gc,heap,exit ]   region size 1024K, 30 young (30720K), 5 survivors (5120K)
[2020-06-27T18:48:20.146-1000][gc,heap,exit ]  Metaspace       used 27568K, capacity 27878K, committed 28208K, reserved 1073152K
[2020-06-27T18:48:20.146-1000][gc,heap,exit ]   class space    used 3818K, capacity 3920K, committed 3968K, reserved 1048576K
