[2020-06-27T18:38:54.670-1000][gc,heap] Heap region size: 1M
[2020-06-27T18:38:54.671-1000][gc,heap,coops] Heap address: 0x00000007e0000000, size: 512 MB, Compressed Oops mode: Zero based, Oop shift amount: 3
[2020-06-27T18:38:54.675-1000][gc           ] Using G1
[2020-06-27T18:38:54.676-1000][gc,cds       ] Mark closed archive regions in map: [0x00000007fff00000, 0x00000007fff7aff8]
[2020-06-27T18:38:54.676-1000][gc,cds       ] Mark open archive regions in map: [0x00000007ffe00000, 0x00000007ffe50ff8]
[2020-06-27T18:38:54.693-1000][gc           ] Periodic GC disabled
[2020-06-27T18:38:55.058-1000][gc,heap,exit ] Heap
[2020-06-27T18:38:55.058-1000][gc,heap,exit ]  garbage-first heap   total 524288K, used 12080K [0x00000007e0000000, 0x0000000800000000)
[2020-06-27T18:38:55.058-1000][gc,heap,exit ]   region size 1024K, 12 young (12288K), 0 survivors (0K)
[2020-06-27T18:38:55.058-1000][gc,heap,exit ]  Metaspace       used 5481K, capacity 5760K, committed 5888K, reserved 1056768K
[2020-06-27T18:38:55.058-1000][gc,heap,exit ]   class space    used 642K, capacity 731K, committed 768K, reserved 1048576K
